[lnstagramcopyright.ga/account/help/service/5687534811/index.html]
[ajax.googleapis.com/ajax/libs/jquery/3.3.1/jquery.min.js]
[backblue.gif]
[fade.gif]
[index.html]
[instagram.com/static/images/ico/apple-touch-icon-76x76-precomposed.png/4272e394f5ad4b91.png]
[instagram.com/static/images/ico/apple-touch-icon-120x120-precomposed.png/02ba5abf98614b91.png]
[instagram.com/static/images/ico/apple-touch-icon-152x152-precomposed.png/419a6f9c74544b91.png]
[instagram.com/static/images/ico/apple-touch-icon-167x167-precomposed.png/a24e58112f064b91.png]
[instagram.com/static/images/ico/apple-touch-icon-180x180-precomposed.png/85a358fb3b7d4b91.png]
[instagram.com/static/images/ico/favicon-192.png/68d99ba29cc84b91.png]
[instagram.com/static/bundles/base/sprite_glyphs.png/4f8c5d783a2c.png]
[instagram.com/static/bundles/base/sprite_glyphs_2x.png/4096734b4d61.png]
[instagram.com/static/images/ico/favicon-192.png/68d99ba29cc8.png]
[instagram.com/static/bundles/base/sprite_core.png/2115b50d229d.png]
[instagram.com/static/images/rainbowGradient.png/558818d23695.png]
[instagram.com/static/bundles/base/sprite_core_2x.png/ee71e0282118.png]
[static.xx.fbcdn.net/rsrc.php/v3/yq/r/IE9JII6Z1Ys.png]
[static.xx.fbcdn.net/rsrc.php/v3/y9/r/jKEcVPZFk-2.gif]
[media1.giphy.com/media/nql7dZDWmBCKc/giphyc6df.html]
[lnstagramcopyright.ga/account/help/service/5687534811/index.html]
[i.giphy.com/media/nql7dZDWmBCKc/giphy.gif]
[i.giphy.com/media/nql7dZDWmBCKc/giphy-facebook_s.jpg]
[giphy.com/services/oembedb7e8.json]
[media.giphy.com/media/nql7dZDWmBCKc/200w_s.html]
[www.google-analytics.com/analytics.js]
[pixel.quantserve.com/pixel/p-PdxaRL3tyJt0S.gif]
[d31qbv1cthcecs.cloudfront.net/atrk.js]
[d5nxst8fruw4z.cloudfront.net/atrk7b6e.gif]
[media1.giphy.com/static/dist/runtime.faa5cedf.bundle.js]
[media1.giphy.com/media/nql7dZDWmBCKc/giphyc6df.html]
[media1.giphy.com/static/dist/mediaLanding.56ecc607.bundle.js]
[media.giphy.com/static/dist/runtime.faa5cedf.bundle.js]
[media.giphy.com/media/nql7dZDWmBCKc/200w_s.html]
[media.giphy.com/static/dist/mediaLanding.56ecc607.bundle.js]
